Godot Engine v4.7.2.stable.official.ed1daf0bf - https://godotengine.org

[   0% ] [90m[1mfirst_scan_filesystem[22m | Started Project initialization (5 steps)[39m[0m
[   0% ] [90m[1mfirst_scan_filesystem[22m | Scanning file structure...[39m[0m
[  16% ] [90m[1mfirst_scan_filesystem[22m | Loading global class names...[39m[0m
[  33% ] [90m[1mfirst_scan_filesystem[22m | Verifying GDExtensions...[39m[0m
[  50% ] [90m[1mfirst_scan_filesystem[22m | Creating autoload scripts...[39m[0m
[  66% ] [90m[1mfirst_scan_filesystem[22m | Initializing plugins...[39m[0m
[  83% ] [90m[1mfirst_scan_filesystem[22m | Starting file scan...[39m[0m
[92m[ DONE ][39m [1mfirst_scan_filesystem[22m
[0m
[   0% ] [90m[1msavepack[22m | Started Packing (102 steps)[39m[0m
[   1% ] [90m[1msavepack[22m | Storing File: res://art/kit_art_3d.gdc[39m[0m
[   1% ] [90m[1msavepack[22m | Storing File: res://.godot/exported/133200997/export-f2df328d6979c9647b8e522f383861b0-lane_art.res[39m[0m
[   1% ] [90m[1msavepack[22m | Storing File: res://.godot/imported/sky.png-d93af688637e8f0ef0267fa83213ac9c.ctex[39m[0m
[   1% ] [90m[1msavepack[22m | Storing File: res://art/sky.png.import[39m[0m
[   2% ] [90m[1msavepack[22m | Storing File: res://art/sky.png.provenance.json[39m[0m
[   2% ] [90m[1msavepack[22m | Storing File: res://art/sprite_character_3d.gdc[39m[0m
[   3% ] [90m[1msavepack[22m | Storing File: res://art/tag_block.gdshader[39m[0m
[   3% ] [90m[1msavepack[22m | Storing File: res://bakeoff/actions.gdc[39m[0m
[   3% ] [90m[1msavepack[22m | Storing File: res://bakeoff/game_3d.gdc[39m[0m
[   4% ] [90m[1msavepack[22m | Storing File: res://bakeoff/greybox.gdc[39m[0m
[   4% ] [90m[1msavepack[22m | Storing File: res://bakeoff/greybox_art_3d.gdc[39m[0m
[   5% ] [90m[1msavepack[22m | Storing File: res://bakeoff/greybox_builder_3d.gdc[39m[0m
[   5% ] [90m[1msavepack[22m | Storing File: res://bakeoff/player_3d.gdc[39m[0m
[   6% ] [90m[1msavepack[22m | Storing File: res://bakeoff/replay.gdc[39m[0m
[   6% ] [90m[1msavepack[22m | Storing File: res://bakeoff/resonance.gdc[39m[0m
[   6% ] [90m[1msavepack[22m | Storing File: res://bakeoff/resonance_tag.gdc[39m[0m
[   7% ] [90m[1msavepack[22m | Storing File: res://bakeoff/sprites.gdc[39m[0m
[   7% ] [90m[1msavepack[22m | Storing File: res://bakeoff/sprite_animator.gdc[39m[0m
[   8% ] [90m[1msavepack[22m | Storing File: res://bakeoff/tag_validator.gdc[39m[0m
[   8% ] [90m[1msavepack[22m | Storing File: res://.godot/imported/acacia.glb-667195358ad73a3b6638be05166e8677.scn[39m[0m
[   8% ] [90m[1msavepack[22m | Storing File: res://kit/acacia.glb.import[39m[0m
[   9% ] [90m[1msavepack[22m | Storing File: res://kit/acacia.glb.provenance.json[39m[0m
[   9% ] [90m[1msavepack[22m | Storing File: res://.godot/imported/arch.glb-8ca4d46cf3e67d8859ea41c00977f5c3.scn[39m[0m
[   9% ] [90m[1msavepack[22m | Storing File: res://kit/arch.glb.import[39m[0m
[   9% ] [90m[1msavepack[22m | Storing File: res://kit/arch.glb.provenance.json[39m[0m
[  10% ] [90m[1msavepack[22m | Storing File: res://.godot/imported/boulder-a.glb-2d5d272952a512bc614737e8a074cb8b.scn[39m[0m
[  10% ] [90m[1msavepack[22m | Storing File: res://kit/boulder-a.glb.import[39m[0m
[  10% ] [90m[1msavepack[22m | Storing File: res://kit/boulder-a.glb.provenance.json[39m[0m
[  11% ] [90m[1msavepack[22m | Storing File: res://.godot/imported/boulder-b.glb-5ce7ead970494f54d9c8995c92942163.scn[39m[0m
[  11% ] [90m[1msavepack[22m | Storing File: res://kit/boulder-b.glb.import[39m[0m
[  11% ] [90m[1msavepack[22m | Storing File: res://kit/boulder-b.glb.provenance.json[39m[0m
[  12% ] [90m[1msavepack[22m | Storing File: res://.godot/imported/dune-ridge.glb-196942264031112fe9c107e856cc8ad5.scn[39m[0m
[  12% ] [90m[1msavepack[22m | Storing File: res://kit/dune-ridge.glb.import[39m[0m
[  12% ] [90m[1msavepack[22m | Storing File: res://kit/dune-ridge.glb.provenance.json[39m[0m
[  12% ] [90m[1msavepack[22m | Storing File: res://.godot/imported/goal-gate.glb-c4378f25a68b80fcce740bc1142eadb1.scn[39m[0m
[  12% ] [90m[1msavepack[22m | Storing File: res://kit/goal-gate.glb.import[39m[0m
[  13% ] [90m[1msavepack[22m | Storing File: res://kit/goal-gate.glb.provenance.json[39m[0m
[  13% ] [90m[1msavepack[22m | Storing File: res://.godot/imported/hazard-spikes.glb-354a0da7c85933c92e6e7b8467581d91.scn[39m[0m
[  13% ] [90m[1msavepack[22m | Storing File: res://kit/hazard-spikes.glb.import[39m[0m
[  14% ] [90m[1msavepack[22m | Storing File: res://kit/hazard-spikes.glb.provenance.json[39m[0m
[  14% ] [90m[1msavepack[22m | Storing File: res://.godot/imported/mesa-large.glb-6a36b21006b422072ed82f9845bbf40c.scn[39m[0m
[  14% ] [90m[1msavepack[22m | Storing File: res://kit/mesa-large.glb.import[39m[0m
[  15% ] [90m[1msavepack[22m | Storing File: res://kit/mesa-large.glb.provenance.json[39m[0m
[  15% ] [90m[1msavepack[22m | Storing File: res://.godot/imported/mesa-small.glb-a17e5a8d8e47e899b0436ac805cc58e1.scn[39m[0m
[  15% ] [90m[1msavepack[22m | Storing File: res://kit/mesa-small.glb.import[39m[0m
[  15% ] [90m[1msavepack[22m | Storing File: res://kit/mesa-small.glb.provenance.json[39m[0m
[  16% ] [90m[1msavepack[22m | Storing File: res://.godot/imported/orb-pedestal.glb-5e4fbbd26f90f14701acf47616e47b72.scn[39m[0m
[  16% ] [90m[1msavepack[22m | Storing File: res://kit/orb-pedestal.glb.import[39m[0m
[  16% ] [90m[1msavepack[22m | Storing File: res://kit/orb-pedestal.glb.provenance.json[39m[0m
[  17% ] [90m[1msavepack[22m | Storing File: res://.godot/imported/rock-tile.glb-09d9677efc454388837e8293bcbc0353.scn[39m[0m
[  17% ] [90m[1msavepack[22m | Storing File: res://kit/rock-tile.glb.import[39m[0m
[  17% ] [90m[1msavepack[22m | Storing File: res://kit/rock-tile.glb.provenance.json[39m[0m
[  18% ] [90m[1msavepack[22m | Storing File: res://.godot/imported/ruin-column.glb-f3ebf661cc47db57caa9618ca19b7877.scn[39m[0m
[  18% ] [90m[1msavepack[22m | Storing File: res://kit/ruin-column.glb.import[39m[0m
[  18% ] [90m[1msavepack[22m | Storing File: res://kit/ruin-column.glb.provenance.json[39m[0m
[  18% ] [90m[1msavepack[22m | Storing File: res://.godot/imported/ruin-wall.glb-f1685ec697a17773e00bd2aeaa530268.scn[39m[0m
[  18% ] [90m[1msavepack[22m | Storing File: res://kit/ruin-wall.glb.import[39m[0m
[  19% ] [90m[1msavepack[22m | Storing File: res://kit/ruin-wall.glb.provenance.json[39m[0m
[  19% ] [90m[1msavepack[22m | Storing File: res://.godot/imported/saguaro.glb-de561836957bd2a4096131e7598538c6.scn[39m[0m
[  19% ] [90m[1msavepack[22m | Storing File: res://kit/saguaro.glb.import[39m[0m
[  20% ] [90m[1msavepack[22m | Storing File: res://kit/saguaro.glb.provenance.json[39m[0m
[  20% ] [90m[1msavepack[22m | Storing File: res://.godot/imported/sand-tile.glb-841ac2643000a8834d1050baf151c251.scn[39m[0m
[  20% ] [90m[1msavepack[22m | Storing File: res://kit/sand-tile.glb.import[39m[0m
[  21% ] [90m[1msavepack[22m | Storing File: res://kit/sand-tile.glb.provenance.json[39m[0m
[  21% ] [90m[1msavepack[22m | Storing File: res://.godot/imported/tag-block.glb-3df1d510af9000239ae98dc9b2d74681.scn[39m[0m
[  21% ] [90m[1msavepack[22m | Storing File: res://kit/tag-block.glb.import[39m[0m
[  21% ] [90m[1msavepack[22m | Storing File: res://kit/tag-block.glb.provenance.json[39m[0m
[  22% ] [90m[1msavepack[22m | Storing File: res://levels/level01.greybox.json[39m[0m
[  22% ] [90m[1msavepack[22m | Storing File: res://.godot/imported/dash-body-00.png-8ae14d4c13962824c423297a1be4707d.ctex[39m[0m
[  22% ] [90m[1msavepack[22m | Storing File: res://protagonist/glow-up/trial-b/frames/dash-body-00.png.import[39m[0m
[  23% ] [90m[1msavepack[22m | Storing File: res://protagonist/glow-up/trial-b/frames/dash-body-00.png.provenance.json[39m[0m
[  23% ] [90m[1msavepack[22m | Storing File: res://.godot/imported/dash-body-01.png-889b17649bfb8918b5e69cec9e38db38.ctex[39m[0m
[  23% ] [90m[1msavepack[22m | Storing File: res://protagonist/glow-up/trial-b/frames/dash-body-01.png.import[39m[0m
[  23% ] [90m[1msavepack[22m | Storing File: res://protagonist/glow-up/trial-b/frames/dash-body-01.png.provenance.json[39m[0m
[  24% ] [90m[1msavepack[22m | Storing File: res://.godot/imported/dash-body-02.png-b4800cc5570b4579370c7b113c482707.ctex[39m[0m
[  24% ] [90m[1msavepack[22m | Storing File: res://protagonist/glow-up/trial-b/frames/dash-body-02.png.import[39m[0m
[  24% ] [90m[1msavepack[22m | Storing File: res://protagonist/glow-up/trial-b/frames/dash-body-02.png.provenance.json[39m[0m
[  25% ] [90m[1msavepack[22m | Storing File: res://.godot/imported/dash-body-03.png-5f2c271f9dd9134ca5566dfcc831c69d.ctex[39m[0m
[  25% ] [90m[1msavepack[22m | Storing File: res://protagonist/glow-up/trial-b/frames/dash-body-03.png.import[39m[0m
[  25% ] [90m[1msavepack[22m | Storing File: res://protagonist/glow-up/trial-b/frames/dash-body-03.png.provenance.json[39m[0m
[  26% ] [90m[1msavepack[22m | Storing File: res://.godot/imported/dash-body-04.png-1f232e96aacd519d0d13dc7c55f739b6.ctex[39m[0m
[  26% ] [90m[1msavepack[22m | Storing File: res://protagonist/glow-up/trial-b/frames/dash-body-04.png.import[39m[0m
[  26% ] [90m[1msavepack[22m | Storing File: res://protagonist/glow-up/trial-b/frames/dash-body-04.png.provenance.json[39m[0m
[  26% ] [90m[1msavepack[22m | Storing File: res://.godot/imported/dash-body-05.png-a0bc8e50beea6d6ff3fd19c04baec873.ctex[39m[0m
[  26% ] [90m[1msavepack[22m | Storing File: res://protagonist/glow-up/trial-b/frames/dash-body-05.png.import[39m[0m
[  27% ] [90m[1msavepack[22m | Storing File: res://protagonist/glow-up/trial-b/frames/dash-body-05.png.provenance.json[39m[0m
[  27% ] [90m[1msavepack[22m | Storing File: res://.godot/imported/dash-scarf-00.png-fb9e5678d9eeae23ec3a2fbee0b371bd.ctex[39m[0m
[  27% ] [90m[1msavepack[22m | Storing File: res://protagonist/glow-up/trial-b/frames/dash-scarf-00.png.import[39m[0m
[  28% ] [90m[1msavepack[22m | Storing File: res://protagonist/glow-up/trial-b/frames/dash-scarf-00.png.provenance.json[39m[0m
[  28% ] [90m[1msavepack[22m | Storing File: res://.godot/imported/dash-scarf-01.png-2a21a19df4ad5321ff9e3b17b5028477.ctex[39m[0m
[  28% ] [90m[1msavepack[22m | Storing File: res://protagonist/glow-up/trial-b/frames/dash-scarf-01.png.import[39m[0m
[  29% ] [90m[1msavepack[22m | Storing File: res://protagonist/glow-up/trial-b/frames/dash-scarf-01.png.provenance.json[39m[0m
[  29% ] [90m[1msavepack[22m | Storing File: res://.godot/imported/dash-scarf-02.png-a23c28e2590f099721e7c626cc56f5b0.ctex[39m[0m
[  29% ] [90m[1msavepack[22m | Storing File: res://protagonist/glow-up/trial-b/frames/dash-scarf-02.png.import[39m[0m
[  29% ] [90m[1msavepack[22m | Storing File: res://protagonist/glow-up/trial-b/frames/dash-scarf-02.png.provenance.json[39m[0m
[  30% ] [90m[1msavepack[22m | Storing File: res://.godot/imported/dash-scarf-03.png-d945a7c10513df4b4982101473b5c8d0.ctex[39m[0m
[  30% ] [90m[1msavepack[22m | Storing File: res://protagonist/glow-up/trial-b/frames/dash-scarf-03.png.import[39m[0m
[  30% ] [90m[1msavepack[22m | Storing File: res://protagonist/glow-up/trial-b/frames/dash-scarf-03.png.provenance.json[39m[0m
[  31% ] [90m[1msavepack[22m | Storing File: res://.godot/imported/dash-scarf-04.png-62b818b9bf405f30ab792e7220f09794.ctex[39m[0m
[  31% ] [90m[1msavepack[22m | Storing File: res://protagonist/glow-up/trial-b/frames/dash-scarf-04.png.import[39m[0m
[  31% ] [90m[1msavepack[22m | Storing File: res://protagonist/glow-up/trial-b/frames/dash-scarf-04.png.provenance.json[39m[0m
[  32% ] [90m[1msavepack[22m | Storing File: res://.godot/imported/dash-scarf-05.png-ac8c500b1b6abc6ec33a4a8aa79ac456.ctex[39m[0m
[  32% ] [90m[1msavepack[22m | Storing File: res://protagonist/glow-up/trial-b/frames/dash-scarf-05.png.import[39m[0m
[  32% ] [90m[1msavepack[22m | Storing File: res://protagonist/glow-up/trial-b/frames/dash-scarf-05.png.provenance.json[39m[0m
[  32% ] [90m[1msavepack[22m | Storing File: res://.godot/imported/double_jump-body-00.png-3a045ffb3617ebd25d39819007be724d.ctex[39m[0m
[  32% ] [90m[1msavepack[22m | Storing File: res://protagonist/glow-up/trial-b/frames/double_jump-body-00.png.import[39m[0m
[  33% ] [90m[1msavepack[22m | Storing File: res://protagonist/glow-up/trial-b/frames/double_jump-body-00.png.provenance.json[39m[0m
[  33% ] [90m[1msavepack[22m | Storing File: res://.godot/imported/double_jump-body-01.png-b24cf0fb2a68ea6e11b120fcaeb475bc.ctex[39m[0m
[  33% ] [90m[1msavepack[22m | Storing File: res://protagonist/glow-up/trial-b/frames/double_jump-body-01.png.import[39m[0m
[  33% ] [90m[1msavepack[22m | Storing File: res://protagonist/glow-up/trial-b/frames/double_jump-body-01.png.provenance.json[39m[0m
[  33% ] [90m[1msavepack[22m | Storing File: res://.godot/imported/double_jump-body-02.png-e44396e8601b4261df99dcf579869618.ctex[39m[0m
[  33% ] [90m[1msavepack[22m | Storing File: res://protagonist/glow-up/trial-b/frames/double_jump-body-02.png.import[39m[0m
[  34% ] [90m[1msavepack[22m | Storing File: res://protagonist/glow-up/trial-b/frames/double_jump-body-02.png.provenance.json[39m[0m
[  34% ] [90m[1msavepack[22m | Storing File: res://.godot/imported/double_jump-body-03.png-3f5c9eaab9fe135931b7c81a42b9575b.ctex[39m[0m
[  34% ] [90m[1msavepack[22m | Storing File: res://protagonist/glow-up/trial-b/frames/double_jump-body-03.png.import[39m[0m
[  34% ] [90m[1msavepack[22m | Storing File: res://protagonist/glow-up/trial-b/frames/double_jump-body-03.png.provenance.json[39m[0m
[  35% ] [90m[1msavepack[22m | Storing File: res://.godot/imported/double_jump-body-04.png-b86cc7d199db72f6f71f28723aa76895.ctex[39m[0m
[  35% ] [90m[1msavepack[22m | Storing File: res://protagonist/glow-up/trial-b/frames/double_jump-body-04.png.import[39m[0m
[  35% ] [90m[1msavepack[22m | Storing File: res://protagonist/glow-up/trial-b/frames/double_jump-body-04.png.provenance.json[39m[0m
[  36% ] [90m[1msavepack[22m | Storing File: res://.godot/imported/double_jump-scarf-00.png-6d44db10a37e5b2e678d0c69f99fe38e.ctex[39m[0m
[  36% ] [90m[1msavepack[22m | Storing File: res://protagonist/glow-up/trial-b/frames/double_jump-scarf-00.png.import[39m[0m
[  36% ] [90m[1msavepack[22m | Storing File: res://protagonist/glow-up/trial-b/frames/double_jump-scarf-00.png.provenance.json[39m[0m
[  37% ] [90m[1msavepack[22m | Storing File: res://.godot/imported/double_jump-scarf-01.png-267a14d1c64c6bafd506292a6f7a9656.ctex[39m[0m
[  37% ] [90m[1msavepack[22m | Storing File: res://protagonist/glow-up/trial-b/frames/double_jump-scarf-01.png.import[39m[0m
[  37% ] [90m[1msavepack[22m | Storing File: res://protagonist/glow-up/trial-b/frames/double_jump-scarf-01.png.provenance.json[39m[0m
[  37% ] [90m[1msavepack[22m | Storing File: res://.godot/imported/double_jump-scarf-02.png-8a13271c8f5ef157cb1ef0fdbb35e344.ctex[39m[0m
[  37% ] [90m[1msavepack[22m | Storing File: res://protagonist/glow-up/trial-b/frames/double_jump-scarf-02.png.import[39m[0m
[  38% ] [90m[1msavepack[22m | Storing File: res://protagonist/glow-up/trial-b/frames/double_jump-scarf-02.png.provenance.json[39m[0m
[  38% ] [90m[1msavepack[22m | Storing File: res://.godot/imported/double_jump-scarf-03.png-84270403f33605aa98899bec203360c6.ctex[39m[0m
[  38% ] [90m[1msavepack[22m | Storing File: res://protagonist/glow-up/trial-b/frames/double_jump-scarf-03.png.import[39m[0m
[  39% ] [90m[1msavepack[22m | Storing File: res://protagonist/glow-up/trial-b/frames/double_jump-scarf-03.png.provenance.json[39m[0m
[  39% ] [90m[1msavepack[22m | Storing File: res://.godot/imported/double_jump-scarf-04.png-cc34f6ace81068f0fa24551450598f91.ctex[39m[0m
[  39% ] [90m[1msavepack[22m | Storing File: res://protagonist/glow-up/trial-b/frames/double_jump-scarf-04.png.import[39m[0m
[  40% ] [90m[1msavepack[22m | Storing File: res://protagonist/glow-up/trial-b/frames/double_jump-scarf-04.png.provenance.json[39m[0m
[  40% ] [90m[1msavepack[22m | Storing File: res://.godot/imported/fall-body-00.png-1d1ddb18bde809e716c34bfbab3a321e.ctex[39m[0m
[  40% ] [90m[1msavepack[22m | Storing File: res://protagonist/glow-up/trial-b/frames/fall-body-00.png.import[39m[0m
[  40% ] [90m[1msavepack[22m | Storing File: res://protagonist/glow-up/trial-b/frames/fall-body-00.png.provenance.json[39m[0m
[  41% ] [90m[1msavepack[22m | Storing File: res://.godot/imported/fall-body-01.png-2f87a43ab81e697ad17828a166baa1fc.ctex[39m[0m
[  41% ] [90m[1msavepack[22m | Storing File: res://protagonist/glow-up/trial-b/frames/fall-body-01.png.import[39m[0m
[  41% ] [90m[1msavepack[22m | Storing File: res://protagonist/glow-up/trial-b/frames/fall-body-01.png.provenance.json[39m[0m
[  42% ] [90m[1msavepack[22m | Storing File: res://.godot/imported/fall-body-02.png-ae31ffc5f21750ba7a181f6f26215b0d.ctex[39m[0m
[  42% ] [90m[1msavepack[22m | Storing File: res://protagonist/glow-up/trial-b/frames/fall-body-02.png.import[39m[0m
[  42% ] [90m[1msavepack[22m | Storing File: res://protagonist/glow-up/trial-b/frames/fall-body-02.png.provenance.json[39m[0m
[  42% ] [90m[1msavepack[22m | Storing File: res://.godot/imported/fall-body-03.png-6f88c068dafcf3e640f74a2c1c5ff7b0.ctex[39m[0m
[  42% ] [90m[1msavepack[22m | Storing File: res://protagonist/glow-up/trial-b/frames/fall-body-03.png.import[39m[0m
[  43% ] [90m[1msavepack[22m | Storing File: res://protagonist/glow-up/trial-b/frames/fall-body-03.png.provenance.json[39m[0m
[  43% ] [90m[1msavepack[22m | Storing File: res://.godot/imported/fall-body-04.png-04d845fde9c309a2a8b4cca1153335cd.ctex[39m[0m
[  43% ] [90m[1msavepack[22m | Storing File: res://protagonist/glow-up/trial-b/frames/fall-body-04.png.import[39m[0m
[  44% ] [90m[1msavepack[22m | Storing File: res://protagonist/glow-up/trial-b/frames/fall-body-04.png.provenance.json[39m[0m
[  44% ] [90m[1msavepack[22m | Storing File: res://.godot/imported/fall-scarf-00.png-93b1ad60b0c00c06a57837f542e429f0.ctex[39m[0m
[  44% ] [90m[1msavepack[22m | Storing File: res://protagonist/glow-up/trial-b/frames/fall-scarf-00.png.import[39m[0m
[  45% ] [90m[1msavepack[22m | Storing File: res://protagonist/glow-up/trial-b/frames/fall-scarf-00.png.provenance.json[39m[0m
[  45% ] [90m[1msavepack[22m | Storing File: res://.godot/imported/fall-scarf-01.png-ec6f190c76f0e6daa7eece136c8e27ea.ctex[39m[0m
[  45% ] [90m[1msavepack[22m | Storing File: res://protagonist/glow-up/trial-b/frames/fall-scarf-01.png.import[39m[0m
[  45% ] [90m[1msavepack[22m | Storing File: res://protagonist/glow-up/trial-b/frames/fall-scarf-01.png.provenance.json[39m[0m
[  46% ] [90m[1msavepack[22m | Storing File: res://.godot/imported/fall-scarf-02.png-c4906d7693b8235f8b5b7b2f07e9e8e1.ctex[39m[0m
[  46% ] [90m[1msavepack[22m | Storing File: res://protagonist/glow-up/trial-b/frames/fall-scarf-02.png.import[39m[0m
[  46% ] [90m[1msavepack[22m | Storing File: res://protagonist/glow-up/trial-b/frames/fall-scarf-02.png.provenance.json[39m[0m
[  47% ] [90m[1msavepack[22m | Storing File: res://.godot/imported/fall-scarf-03.png-0e9b6eb4553678a8658813100c45543d.ctex[39m[0m
[  47% ] [90m[1msavepack[22m | Storing File: res://protagonist/glow-up/trial-b/frames/fall-scarf-03.png.import[39m[0m
[  47% ] [90m[1msavepack[22m | Storing File: res://protagonist/glow-up/trial-b/frames/fall-scarf-03.png.provenance.json[39m[0m
[  48% ] [90m[1msavepack[22m | Storing File: res://.godot/imported/fall-scarf-04.png-d8e27cba558fa880071a316828bf54fe.ctex[39m[0m
[  48% ] [90m[1msavepack[22m | Storing File: res://protagonist/glow-up/trial-b/frames/fall-scarf-04.png.import[39m[0m
[  48% ] [90m[1msavepack[22m | Storing File: res://protagonist/glow-up/trial-b/frames/fall-scarf-04.png.provenance.json[39m[0m
[  48% ] [90m[1msavepack[22m | Storing File: res://.godot/imported/idle-body-00.png-3e115ba89c3ab4d549aab1949ba9793b.ctex[39m[0m
[  48% ] [90m[1msavepack[22m | Storing File: res://protagonist/glow-up/trial-b/frames/idle-body-00.png.import[39m[0m
[  49% ] [90m[1msavepack[22m | Storing File: res://protagonist/glow-up/trial-b/frames/idle-body-00.png.provenance.json[39m[0m
[  49% ] [90m[1msavepack[22m | Storing File: res://.godot/imported/idle-body-01.png-b7971e798ede9ef0ad88a8bff4fbbced.ctex[39m[0m
[  49% ] [90m[1msavepack[22m | Storing File: res://protagonist/glow-up/trial-b/frames/idle-body-01.png.import[39m[0m
[  50% ] [90m[1msavepack[22m | Storing File: res://protagonist/glow-up/trial-b/frames/idle-body-01.png.provenance.json[39m[0m
[  50% ] [90m[1msavepack[22m | Storing File: res://.godot/imported/idle-body-02.png-91788d7fdb65a7d71640faa7d01a3952.ctex[39m[0m
[  50% ] [90m[1msavepack[22m | Storing File: res://protagonist/glow-up/trial-b/frames/idle-body-02.png.import[39m[0m
[  51% ] [90m[1msavepack[22m | Storing File: res://protagonist/glow-up/trial-b/frames/idle-body-02.png.provenance.json[39m[0m
[  51% ] [90m[1msavepack[22m | Storing File: res://.godot/imported/idle-body-03.png-3e8cbae33fa00bbb2cff304478edb118.ctex[39m[0m
[  51% ] [90m[1msavepack[22m | Storing File: res://protagonist/glow-up/trial-b/frames/idle-body-03.png.import[39m[0m
[  51% ] [90m[1msavepack[22m | Storing File: res://protagonist/glow-up/trial-b/frames/idle-body-03.png.provenance.json[39m[0m
[  52% ] [90m[1msavepack[22m | Storing File: res://.godot/imported/idle-body-04.png-796445bfe37999022ca4e9107df9d39b.ctex[39m[0m
[  52% ] [90m[1msavepack[22m | Storing File: res://protagonist/glow-up/trial-b/frames/idle-body-04.png.import[39m[0m
[  52% ] [90m[1msavepack[22m | Storing File: res://protagonist/glow-up/trial-b/frames/idle-body-04.png.provenance.json[39m[0m
[  53% ] [90m[1msavepack[22m | Storing File: res://.godot/imported/idle-body-05.png-45eb0d49619f2703d5ccfb2769fd78b9.ctex[39m[0m
[  53% ] [90m[1msavepack[22m | Storing File: res://protagonist/glow-up/trial-b/frames/idle-body-05.png.import[39m[0m
[  53% ] [90m[1msavepack[22m | Storing File: res://protagonist/glow-up/trial-b/frames/idle-body-05.png.provenance.json[39m[0m
[  54% ] [90m[1msavepack[22m | Storing File: res://.godot/imported/idle-body-06.png-3ba1adcea7c3cb3bab54b58f838c1b65.ctex[39m[0m
[  54% ] [90m[1msavepack[22m | Storing File: res://protagonist/glow-up/trial-b/frames/idle-body-06.png.import[39m[0m
[  54% ] [90m[1msavepack[22m | Storing File: res://protagonist/glow-up/trial-b/frames/idle-body-06.png.provenance.json[39m[0m
[  54% ] [90m[1msavepack[22m | Storing File: res://.godot/imported/idle-body-07.png-1061bd6fd2b8ee671979c719fe8205c1.ctex[39m[0m
[  54% ] [90m[1msavepack[22m | Storing File: res://protagonist/glow-up/trial-b/frames/idle-body-07.png.import[39m[0m
[  55% ] [90m[1msavepack[22m | Storing File: res://protagonist/glow-up/trial-b/frames/idle-body-07.png.provenance.json[39m[0m
[  55% ] [90m[1msavepack[22m | Storing File: res://.godot/imported/idle-scarf-00.png-9273e5cbbbb92733f25fb8cc2a156291.ctex[39m[0m
[  55% ] [90m[1msavepack[22m | Storing File: res://protagonist/glow-up/trial-b/frames/idle-scarf-00.png.import[39m[0m
[  56% ] [90m[1msavepack[22m | Storing File: res://protagonist/glow-up/trial-b/frames/idle-scarf-00.png.provenance.json[39m[0m
[  56% ] [90m[1msavepack[22m | Storing File: res://.godot/imported/idle-scarf-01.png-90a2cb1f616e626a946061f8b30d16f6.ctex[39m[0m
[  56% ] [90m[1msavepack[22m | Storing File: res://protagonist/glow-up/trial-b/frames/idle-scarf-01.png.import[39m[0m
[  57% ] [90m[1msavepack[22m | Storing File: res://protagonist/glow-up/trial-b/frames/idle-scarf-01.png.provenance.json[39m[0m
[  57% ] [90m[1msavepack[22m | Storing File: res://.godot/imported/idle-scarf-02.png-16ea1544f7d151ce032269cc0282ad40.ctex[39m[0m
[  57% ] [90m[1msavepack[22m | Storing File: res://protagonist/glow-up/trial-b/frames/idle-scarf-02.png.import[39m[0m
[  57% ] [90m[1msavepack[22m | Storing File: res://protagonist/glow-up/trial-b/frames/idle-scarf-02.png.provenance.json[39m[0m
[  58% ] [90m[1msavepack[22m | Storing File: res://.godot/imported/idle-scarf-03.png-75af2de8c316ff8238a7fb5abfe971d8.ctex[39m[0m
[  58% ] [90m[1msavepack[22m | Storing File: res://protagonist/glow-up/trial-b/frames/idle-scarf-03.png.import[39m[0m
[  58% ] [90m[1msavepack[22m | Storing File: res://protagonist/glow-up/trial-b/frames/idle-scarf-03.png.provenance.json[39m[0m
[  59% ] [90m[1msavepack[22m | Storing File: res://.godot/imported/idle-scarf-04.png-d0b1c7de2d6c662a6fbc0325587fcc5f.ctex[39m[0m
[  59% ] [90m[1msavepack[22m | Storing File: res://protagonist/glow-up/trial-b/frames/idle-scarf-04.png.import[39m[0m
[  59% ] [90m[1msavepack[22m | Storing File: res://protagonist/glow-up/trial-b/frames/idle-scarf-04.png.provenance.json[39m[0m
[  60% ] [90m[1msavepack[22m | Storing File: res://.godot/imported/idle-scarf-05.png-1bcf73d798295a8751882a45b7b98906.ctex[39m[0m
[  60% ] [90m[1msavepack[22m | Storing File: res://protagonist/glow-up/trial-b/frames/idle-scarf-05.png.import[39m[0m
[  60% ] [90m[1msavepack[22m | Storing File: res://protagonist/glow-up/trial-b/frames/idle-scarf-05.png.provenance.json[39m[0m
[  60% ] [90m[1msavepack[22m | Storing File: res://.godot/imported/idle-scarf-06.png-55b60ad3d50abe4b083b2b1f451cedde.ctex[39m[0m
[  60% ] [90m[1msavepack[22m | Storing File: res://protagonist/glow-up/trial-b/frames/idle-scarf-06.png.import[39m[0m
[  61% ] [90m[1msavepack[22m | Storing File: res://protagonist/glow-up/trial-b/frames/idle-scarf-06.png.provenance.json[39m[0m
[  61% ] [90m[1msavepack[22m | Storing File: res://.godot/imported/idle-scarf-07.png-772fd0415f58635af64852281e099222.ctex[39m[0m
[  61% ] [90m[1msavepack[22m | Storing File: res://protagonist/glow-up/trial-b/frames/idle-scarf-07.png.import[39m[0m
[  62% ] [90m[1msavepack[22m | Storing File: res://protagonist/glow-up/trial-b/frames/idle-scarf-07.png.provenance.json[39m[0m
[  62% ] [90m[1msavepack[22m | Storing File: res://.godot/imported/jump-body-00.png-da74b938e51c7fb4c745b9d04d872ff1.ctex[39m[0m
[  62% ] [90m[1msavepack[22m | Storing File: res://protagonist/glow-up/trial-b/frames/jump-body-00.png.import[39m[0m
[  62% ] [90m[1msavepack[22m | Storing File: res://protagonist/glow-up/trial-b/frames/jump-body-00.png.provenance.json[39m[0m
[  63% ] [90m[1msavepack[22m | Storing File: res://.godot/imported/jump-body-01.png-da9ff0545580efca673cafec2f54aa41.ctex[39m[0m
[  63% ] [90m[1msavepack[22m | Storing File: res://protagonist/glow-up/trial-b/frames/jump-body-01.png.import[39m[0m
[  63% ] [90m[1msavepack[22m | Storing File: res://protagonist/glow-up/trial-b/frames/jump-body-01.png.provenance.json[39m[0m
[  64% ] [90m[1msavepack[22m | Storing File: res://.godot/imported/jump-body-02.png-d19feb77654ceb1698477d0cd39b216f.ctex[39m[0m
[  64% ] [90m[1msavepack[22m | Storing File: res://protagonist/glow-up/trial-b/frames/jump-body-02.png.import[39m[0m
[  64% ] [90m[1msavepack[22m | Storing File: res://protagonist/glow-up/trial-b/frames/jump-body-02.png.provenance.json[39m[0m
[  65% ] [90m[1msavepack[22m | Storing File: res://.godot/imported/jump-body-03.png-411a49d529881933be2eaf07fcf00a63.ctex[39m[0m
[  65% ] [90m[1msavepack[22m | Storing File: res://protagonist/glow-up/trial-b/frames/jump-body-03.png.import[39m[0m
[  65% ] [90m[1msavepack[22m | Storing File: res://protagonist/glow-up/trial-b/frames/jump-body-03.png.provenance.json[39m[0m
[  65% ] [90m[1msavepack[22m | Storing File: res://.godot/imported/jump-body-04.png-4fb8f90a3da95e01e4844907ff4954c5.ctex[39m[0m
[  65% ] [90m[1msavepack[22m | Storing File: res://protagonist/glow-up/trial-b/frames/jump-body-04.png.import[39m[0m
[  66% ] [90m[1msavepack[22m | Storing File: res://protagonist/glow-up/trial-b/frames/jump-body-04.png.provenance.json[39m[0m
[  66% ] [90m[1msavepack[22m | Storing File: res://.godot/imported/jump-scarf-00.png-a88734ebe39ca1be5995ae96516f421c.ctex[39m[0m
[  66% ] [90m[1msavepack[22m | Storing File: res://protagonist/glow-up/trial-b/frames/jump-scarf-00.png.import[39m[0m
[  66% ] [90m[1msavepack[22m | Storing File: res://protagonist/glow-up/trial-b/frames/jump-scarf-00.png.provenance.json[39m[0m
[  66% ] [90m[1msavepack[22m | Storing File: res://.godot/imported/jump-scarf-01.png-6892900be2a020a8aef66b6c37c64676.ctex[39m[0m
[  66% ] [90m[1msavepack[22m | Storing File: res://protagonist/glow-up/trial-b/frames/jump-scarf-01.png.import[39m[0m
[  67% ] [90m[1msavepack[22m | Storing File: res://protagonist/glow-up/trial-b/frames/jump-scarf-01.png.provenance.json[39m[0m
[  67% ] [90m[1msavepack[22m | Storing File: res://.godot/imported/jump-scarf-02.png-a8aa892ccf5513cdd65e8c462c861d6a.ctex[39m[0m
[  67% ] [90m[1msavepack[22m | Storing File: res://protagonist/glow-up/trial-b/frames/jump-scarf-02.png.import[39m[0m
[  67% ] [90m[1msavepack[22m | Storing File: res://protagonist/glow-up/trial-b/frames/jump-scarf-02.png.provenance.json[39m[0m
[  68% ] [90m[1msavepack[22m | Storing File: res://.godot/imported/jump-scarf-03.png-ff271f05478f78329a743d709ed9bbfa.ctex[39m[0m
[  68% ] [90m[1msavepack[22m | Storing File: res://protagonist/glow-up/trial-b/frames/jump-scarf-03.png.import[39m[0m
[  68% ] [90m[1msavepack[22m | Storing File: res://protagonist/glow-up/trial-b/frames/jump-scarf-03.png.provenance.json[39m[0m
[  69% ] [90m[1msavepack[22m | Storing File: res://.godot/imported/jump-scarf-04.png-6e238a9b09b57a5d23e01ecdb506c3c4.ctex[39m[0m
[  69% ] [90m[1msavepack[22m | Storing File: res://protagonist/glow-up/trial-b/frames/jump-scarf-04.png.import[39m[0m
[  69% ] [90m[1msavepack[22m | Storing File: res://protagonist/glow-up/trial-b/frames/jump-scarf-04.png.provenance.json[39m[0m
[  70% ] [90m[1msavepack[22m | Storing File: res://.godot/imported/land-body-00.png-53f71e5b0ccd4f3abe64674f8ca24cba.ctex[39m[0m
[  70% ] [90m[1msavepack[22m | Storing File: res://protagonist/glow-up/trial-b/frames/land-body-00.png.import[39m[0m
[  70% ] [90m[1msavepack[22m | Storing File: res://protagonist/glow-up/trial-b/frames/land-body-00.png.provenance.json[39m[0m
[  70% ] [90m[1msavepack[22m | Storing File: res://.godot/imported/land-body-01.png-e70d06f2142a2f86c01a32cb64b11a8b.ctex[39m[0m
[  70% ] [90m[1msavepack[22m | Storing File: res://protagonist/glow-up/trial-b/frames/land-body-01.png.import[39m[0m
[  71% ] [90m[1msavepack[22m | Storing File: res://protagonist/glow-up/trial-b/frames/land-body-01.png.provenance.json[39m[0m
[  71% ] [90m[1msavepack[22m | Storing File: res://.godot/imported/land-body-02.png-2d2afa731315a8e05915e23a18d34da7.ctex[39m[0m
[  71% ] [90m[1msavepack[22m | Storing File: res://protagonist/glow-up/trial-b/frames/land-body-02.png.import[39m[0m
[  72% ] [90m[1msavepack[22m | Storing File: res://protagonist/glow-up/trial-b/frames/land-body-02.png.provenance.json[39m[0m
[  72% ] [90m[1msavepack[22m | Storing File: res://.godot/imported/land-body-03.png-ff3b57d5ea9272d371f5beb224a51cab.ctex[39m[0m
[  72% ] [90m[1msavepack[22m | Storing File: res://protagonist/glow-up/trial-b/frames/land-body-03.png.import[39m[0m
[  73% ] [90m[1msavepack[22m | Storing File: res://protagonist/glow-up/trial-b/frames/land-body-03.png.provenance.json[39m[0m
[  73% ] [90m[1msavepack[22m | Storing File: res://.godot/imported/land-body-04.png-10a051f898d70e248a54f0a4664d8523.ctex[39m[0m
[  73% ] [90m[1msavepack[22m | Storing File: res://protagonist/glow-up/trial-b/frames/land-body-04.png.import[39m[0m
[  73% ] [90m[1msavepack[22m | Storing File: res://protagonist/glow-up/trial-b/frames/land-body-04.png.provenance.json[39m[0m
[  74% ] [90m[1msavepack[22m | Storing File: res://.godot/imported/land-body-05.png-e9041d943e515109f828081be5f29aba.ctex[39m[0m
[  74% ] [90m[1msavepack[22m | Storing File: res://protagonist/glow-up/trial-b/frames/land-body-05.png.import[39m[0m
[  74% ] [90m[1msavepack[22m | Storing File: res://protagonist/glow-up/trial-b/frames/land-body-05.png.provenance.json[39m[0m
[  75% ] [90m[1msavepack[22m | Storing File: res://.godot/imported/land-scarf-00.png-79ce9dcd130810c308f6b0a1dff93ab1.ctex[39m[0m
[  75% ] [90m[1msavepack[22m | Storing File: res://protagonist/glow-up/trial-b/frames/land-scarf-00.png.import[39m[0m
[  75% ] [90m[1msavepack[22m | Storing File: res://protagonist/glow-up/trial-b/frames/land-scarf-00.png.provenance.json[39m[0m
[  76% ] [90m[1msavepack[22m | Storing File: res://.godot/imported/land-scarf-01.png-f10c7b49e82da67671abb3a9aade3f53.ctex[39m[0m
[  76% ] [90m[1msavepack[22m | Storing File: res://protagonist/glow-up/trial-b/frames/land-scarf-01.png.import[39m[0m
[  76% ] [90m[1msavepack[22m | Storing File: res://protagonist/glow-up/trial-b/frames/land-scarf-01.png.provenance.json[39m[0m
[  76% ] [90m[1msavepack[22m | Storing File: res://.godot/imported/land-scarf-02.png-6a02084e0130700ed442f7907730ec07.ctex[39m[0m
[  76% ] [90m[1msavepack[22m | Storing File: res://protagonist/glow-up/trial-b/frames/land-scarf-02.png.import[39m[0m
[  77% ] [90m[1msavepack[22m | Storing File: res://protagonist/glow-up/trial-b/frames/land-scarf-02.png.provenance.json[39m[0m
[  77% ] [90m[1msavepack[22m | Storing File: res://.godot/imported/land-scarf-03.png-87c864ea3bc00353f99120e787cfb33f.ctex[39m[0m
[  77% ] [90m[1msavepack[22m | Storing File: res://protagonist/glow-up/trial-b/frames/land-scarf-03.png.import[39m[0m
[  78% ] [90m[1msavepack[22m | Storing File: res://protagonist/glow-up/trial-b/frames/land-scarf-03.png.provenance.json[39m[0m
[  78% ] [90m[1msavepack[22m | Storing File: res://.godot/imported/land-scarf-04.png-79d02af56baaacb4ea1782b8cfb239a5.ctex[39m[0m
[  78% ] [90m[1msavepack[22m | Storing File: res://protagonist/glow-up/trial-b/frames/land-scarf-04.png.import[39m[0m
[  79% ] [90m[1msavepack[22m | Storing File: res://protagonist/glow-up/trial-b/frames/land-scarf-04.png.provenance.json[39m[0m
[  79% ] [90m[1msavepack[22m | Storing File: res://.godot/imported/land-scarf-05.png-267e910104f3df1f355c98bcfa615313.ctex[39m[0m
[  79% ] [90m[1msavepack[22m | Storing File: res://protagonist/glow-up/trial-b/frames/land-scarf-05.png.import[39m[0m
[  79% ] [90m[1msavepack[22m | Storing File: res://protagonist/glow-up/trial-b/frames/land-scarf-05.png.provenance.json[39m[0m
[  80% ] [90m[1msavepack[22m | Storing File: res://.godot/imported/run-body-00.png-9624b60646a2e7db7032d7b059336fa3.ctex[39m[0m
[  80% ] [90m[1msavepack[22m | Storing File: res://protagonist/glow-up/trial-b/frames/run-body-00.png.import[39m[0m
[  80% ] [90m[1msavepack[22m | Storing File: res://protagonist/glow-up/trial-b/frames/run-body-00.png.provenance.json[39m[0m
[  81% ] [90m[1msavepack[22m | Storing File: res://.godot/imported/run-body-01.png-c681a8be827d1106a54458fee9b1731a.ctex[39m[0m
[  81% ] [90m[1msavepack[22m | Storing File: res://protagonist/glow-up/trial-b/frames/run-body-01.png.import[39m[0m
[  81% ] [90m[1msavepack[22m | Storing File: res://protagonist/glow-up/trial-b/frames/run-body-01.png.provenance.json[39m[0m
[  81% ] [90m[1msavepack[22m | Storing File: res://.godot/imported/run-body-02.png-9c97109e4e54cfd49f67ceb004c574cd.ctex[39m[0m
[  81% ] [90m[1msavepack[22m | Storing File: res://protagonist/glow-up/trial-b/frames/run-body-02.png.import[39m[0m
[  82% ] [90m[1msavepack[22m | Storing File: res://protagonist/glow-up/trial-b/frames/run-body-02.png.provenance.json[39m[0m
[  82% ] [90m[1msavepack[22m | Storing File: res://.godot/imported/run-body-03.png-32c85b2ad03b6010cf9f4bb8706a6ec1.ctex[39m[0m
[  82% ] [90m[1msavepack[22m | Storing File: res://protagonist/glow-up/trial-b/frames/run-body-03.png.import[39m[0m
[  83% ] [90m[1msavepack[22m | Storing File: res://protagonist/glow-up/trial-b/frames/run-body-03.png.provenance.json[39m[0m
[  83% ] [90m[1msavepack[22m | Storing File: res://.godot/imported/run-body-04.png-d0ede854490a57e4b9979ed8690509b4.ctex[39m[0m
[  83% ] [90m[1msavepack[22m | Storing File: res://protagonist/glow-up/trial-b/frames/run-body-04.png.import[39m[0m
[  84% ] [90m[1msavepack[22m | Storing File: res://protagonist/glow-up/trial-b/frames/run-body-04.png.provenance.json[39m[0m
[  84% ] [90m[1msavepack[22m | Storing File: res://.godot/imported/run-body-05.png-1c28cf5991409fd67a1c46f5d480a351.ctex[39m[0m
[  84% ] [90m[1msavepack[22m | Storing File: res://protagonist/glow-up/trial-b/frames/run-body-05.png.import[39m[0m
[  84% ] [90m[1msavepack[22m | Storing File: res://protagonist/glow-up/trial-b/frames/run-body-05.png.provenance.json[39m[0m
[  85% ] [90m[1msavepack[22m | Storing File: res://.godot/imported/run-body-06.png-92e7f07dee8279cd427d1b303b443137.ctex[39m[0m
[  85% ] [90m[1msavepack[22m | Storing File: res://protagonist/glow-up/trial-b/frames/run-body-06.png.import[39m[0m
[  85% ] [90m[1msavepack[22m | Storing File: res://protagonist/glow-up/trial-b/frames/run-body-06.png.provenance.json[39m[0m
[  86% ] [90m[1msavepack[22m | Storing File: res://.godot/imported/run-body-07.png-65d9adc0e1bc537d36cb56637c1d0388.ctex[39m[0m
[  86% ] [90m[1msavepack[22m | Storing File: res://protagonist/glow-up/trial-b/frames/run-body-07.png.import[39m[0m
[  86% ] [90m[1msavepack[22m | Storing File: res://protagonist/glow-up/trial-b/frames/run-body-07.png.provenance.json[39m[0m
[  87% ] [90m[1msavepack[22m | Storing File: res://.godot/imported/run-scarf-00.png-971932b77bb357e63a6eb866ccae567f.ctex[39m[0m
[  87% ] [90m[1msavepack[22m | Storing File: res://protagonist/glow-up/trial-b/frames/run-scarf-00.png.import[39m[0m
[  87% ] [90m[1msavepack[22m | Storing File: res://protagonist/glow-up/trial-b/frames/run-scarf-00.png.provenance.json[39m[0m
[  87% ] [90m[1msavepack[22m | Storing File: res://.godot/imported/run-scarf-01.png-8a8e373a186894318753e8d2814f98d6.ctex[39m[0m
[  87% ] [90m[1msavepack[22m | Storing File: res://protagonist/glow-up/trial-b/frames/run-scarf-01.png.import[39m[0m
[  88% ] [90m[1msavepack[22m | Storing File: res://protagonist/glow-up/trial-b/frames/run-scarf-01.png.provenance.json[39m[0m
[  88% ] [90m[1msavepack[22m | Storing File: res://.godot/imported/run-scarf-02.png-dac09d144933158018c155f0af4c079d.ctex[39m[0m
[  88% ] [90m[1msavepack[22m | Storing File: res://protagonist/glow-up/trial-b/frames/run-scarf-02.png.import[39m[0m
[  89% ] [90m[1msavepack[22m | Storing File: res://protagonist/glow-up/trial-b/frames/run-scarf-02.png.provenance.json[39m[0m
[  89% ] [90m[1msavepack[22m | Storing File: res://.godot/imported/run-scarf-03.png-53d458fcf6b473210fa29074bf8d8c7e.ctex[39m[0m
[  89% ] [90m[1msavepack[22m | Storing File: res://protagonist/glow-up/trial-b/frames/run-scarf-03.png.import[39m[0m
[  90% ] [90m[1msavepack[22m | Storing File: res://protagonist/glow-up/trial-b/frames/run-scarf-03.png.provenance.json[39m[0m
[  90% ] [90m[1msavepack[22m | Storing File: res://.godot/imported/run-scarf-04.png-497f8fbaea94bdadf09e2fea330e1952.ctex[39m[0m
[  90% ] [90m[1msavepack[22m | Storing File: res://protagonist/glow-up/trial-b/frames/run-scarf-04.png.import[39m[0m
[  90% ] [90m[1msavepack[22m | Storing File: res://protagonist/glow-up/trial-b/frames/run-scarf-04.png.provenance.json[39m[0m
[  91% ] [90m[1msavepack[22m | Storing File: res://.godot/imported/run-scarf-05.png-e843d6117105faf8f7c9cc7b3d4969dc.ctex[39m[0m
[  91% ] [90m[1msavepack[22m | Storing File: res://protagonist/glow-up/trial-b/frames/run-scarf-05.png.import[39m[0m
[  91% ] [90m[1msavepack[22m | Storing File: res://protagonist/glow-up/trial-b/frames/run-scarf-05.png.provenance.json[39m[0m
[  92% ] [90m[1msavepack[22m | Storing File: res://.godot/imported/run-scarf-06.png-a107be9b356a7209aa6c21853e985d3f.ctex[39m[0m
[  92% ] [90m[1msavepack[22m | Storing File: res://protagonist/glow-up/trial-b/frames/run-scarf-06.png.import[39m[0m
[  92% ] [90m[1msavepack[22m | Storing File: res://protagonist/glow-up/trial-b/frames/run-scarf-06.png.provenance.json[39m[0m
[  93% ] [90m[1msavepack[22m | Storing File: res://.godot/imported/run-scarf-07.png-3402eee0f932bd534863cf93339a15b9.ctex[39m[0m
[  93% ] [90m[1msavepack[22m | Storing File: res://protagonist/glow-up/trial-b/frames/run-scarf-07.png.import[39m[0m
[  93% ] [90m[1msavepack[22m | Storing File: res://protagonist/glow-up/trial-b/frames/run-scarf-07.png.provenance.json[39m[0m
[  93% ] [90m[1msavepack[22m | Storing File: res://protagonist/sprites/violet.sprites.json[39m[0m
[  94% ] [90m[1msavepack[22m | Storing File: res://protagonist/sprites/violet.sprites.json.provenance.json[39m[0m
[  94% ] [90m[1msavepack[22m | Storing File: res://replays/level01.replay.json[39m[0m
[  95% ] [90m[1msavepack[22m | Storing File: res://.godot/exported/133200997/export-3ad5c15c4f3250da0cc7c1af1770d85f-main.scn[39m[0m
[  95% ] [90m[1msavepack[22m | Storing File: res://tests/replay_runner.gdc[39m[0m
[  96% ] [90m[1msavepack[22m | Storing File: res://.godot/exported/133200997/export-5315e0713353a1d6b79e36c5b097cfeb-replay_runner.scn[39m[0m
[  96% ] [90m[1msavepack[22m | Storing File: res://tests/sprite_attach.gdc[39m[0m
[  96% ] [90m[1msavepack[22m | Storing File: res://.godot/exported/133200997/export-bd58eb6cfa1483b06f659515735d9931-sprite_attach.scn[39m[0m
[  97% ] [90m[1msavepack[22m | Storing File: res://tests/sprite_test.gdc[39m[0m
[  97% ] [90m[1msavepack[22m | Storing File: res://.godot/exported/133200997/export-abe953d21a6f9609bf1553c455822438-sprite_test.scn[39m[0m
[  98% ] [90m[1msavepack[22m | Storing File: res://tests/validate_tags.gdc[39m[0m
[  98% ] [90m[1msavepack[22m | Storing File: res://.godot/exported/133200997/export-bc84e40973f50e4565c9a256ac676d0d-validate_tags.scn[39m[0m
[  98% ] [90m[1msavepack[22m | Storing File: res://art/kit_art_3d.gd.remap[39m[0m
[  98% ] [90m[1msavepack[22m | Storing File: res://art/lane_art.tres.remap[39m[0m
[  98% ] [90m[1msavepack[22m | Storing File: res://art/sprite_character_3d.gd.remap[39m[0m
[  98% ] [90m[1msavepack[22m | Storing File: res://bakeoff/actions.gd.remap[39m[0m
[  98% ] [90m[1msavepack[22m | Storing File: res://bakeoff/game_3d.gd.remap[39m[0m
[  98% ] [90m[1msavepack[22m | Storing File: res://bakeoff/greybox.gd.remap[39m[0m
[  98% ] [90m[1msavepack[22m | Storing File: res://bakeoff/greybox_art_3d.gd.remap[39m[0m
[  98% ] [90m[1msavepack[22m | Storing File: res://bakeoff/greybox_builder_3d.gd.remap[39m[0m
[  98% ] [90m[1msavepack[22m | Storing File: res://bakeoff/player_3d.gd.remap[39m[0m
[  98% ] [90m[1msavepack[22m | Storing File: res://bakeoff/replay.gd.remap[39m[0m
[  98% ] [90m[1msavepack[22m | Storing File: res://bakeoff/resonance.gd.remap[39m[0m
[  98% ] [90m[1msavepack[22m | Storing File: res://bakeoff/resonance_tag.gd.remap[39m[0m
[  98% ] [90m[1msavepack[22m | Storing File: res://bakeoff/sprites.gd.remap[39m[0m
[  98% ] [90m[1msavepack[22m | Storing File: res://bakeoff/sprite_animator.gd.remap[39m[0m
[  98% ] [90m[1msavepack[22m | Storing File: res://bakeoff/tag_validator.gd.remap[39m[0m
[  98% ] [90m[1msavepack[22m | Storing File: res://scenes/main.tscn.remap[39m[0m
[  98% ] [90m[1msavepack[22m | Storing File: res://tests/replay_runner.gd.remap[39m[0m
[  98% ] [90m[1msavepack[22m | Storing File: res://tests/replay_runner.tscn.remap[39m[0m
[  98% ] [90m[1msavepack[22m | Storing File: res://tests/sprite_attach.gd.remap[39m[0m
[  98% ] [90m[1msavepack[22m | Storing File: res://tests/sprite_attach.tscn.remap[39m[0m
[  98% ] [90m[1msavepack[22m | Storing File: res://tests/sprite_test.gd.remap[39m[0m
[  98% ] [90m[1msavepack[22m | Storing File: res://tests/sprite_test.tscn.remap[39m[0m
[  98% ] [90m[1msavepack[22m | Storing File: res://tests/validate_tags.gd.remap[39m[0m
[  98% ] [90m[1msavepack[22m | Storing File: res://tests/validate_tags.tscn.remap[39m[0m
[  98% ] [90m[1msavepack[22m | Storing File: res://.godot/global_script_class_cache.cfg[39m[0m
[  98% ] [90m[1msavepack[22m | Storing File: res://.godot/uid_cache.bin[39m[0m
[  98% ] [90m[1msavepack[22m | Storing File: res://project.binary[39m[0m
[92m[ DONE ][39m [1msavepack[22m
[0m
