Godot Engine v4.7.2.stable.official.ed1daf0bf - https://godotengine.org

[   0% ] [90m[1mfirst_scan_filesystem[22m | Started Project initialization (5 steps)[39m[0m
[   0% ] [90m[1mfirst_scan_filesystem[22m | Scanning file structure...[39m[0m
[  16% ] [90m[1mfirst_scan_filesystem[22m | Loading global class names...[39m[0m
[  33% ] [90m[1mfirst_scan_filesystem[22m | Verifying GDExtensions...[39m[0m
[  50% ] [90m[1mfirst_scan_filesystem[22m | Creating autoload scripts...[39m[0m
[  66% ] [90m[1mfirst_scan_filesystem[22m | Initializing plugins...[39m[0m
[  83% ] [90m[1mfirst_scan_filesystem[22m | Starting file scan...[39m[0m
[92m[ DONE ][39m [1mfirst_scan_filesystem[22m
[0m
[   0% ] [90m[1msavepack[22m | Started Packing (102 steps)[39m[0m
[   1% ] [90m[1msavepack[22m | Storing File: res://.godot/imported/backdrop-far.png-a5686d421fabea3ddbabf513c756b4d0.ctex[39m[0m
[   1% ] [90m[1msavepack[22m | Storing File: res://art/backdrop-far.png.import[39m[0m
[   2% ] [90m[1msavepack[22m | Storing File: res://art/backdrop-far.png.provenance.json[39m[0m
[   4% ] [90m[1msavepack[22m | Storing File: res://.godot/imported/backdrop-mid.png-b41cc54af896c4e0599f31372334d140.ctex[39m[0m
[   4% ] [90m[1msavepack[22m | Storing File: res://art/backdrop-mid.png.import[39m[0m
[   6% ] [90m[1msavepack[22m | Storing File: res://art/backdrop-mid.png.provenance.json[39m[0m
[   8% ] [90m[1msavepack[22m | Storing File: res://.godot/imported/backdrop-near.png-ca287f90b2d1b755d1825b91d5297e56.ctex[39m[0m
[   8% ] [90m[1msavepack[22m | Storing File: res://art/backdrop-near.png.import[39m[0m
[  10% ] [90m[1msavepack[22m | Storing File: res://art/backdrop-near.png.provenance.json[39m[0m
[  12% ] [90m[1msavepack[22m | Storing File: res://.godot/imported/crystal-platform.png-f3546a2797fba7501df5cb8c32849e0f.ctex[39m[0m
[  12% ] [90m[1msavepack[22m | Storing File: res://art/crystal-platform.png.import[39m[0m
[  14% ] [90m[1msavepack[22m | Storing File: res://art/crystal-platform.png.provenance.json[39m[0m
[  16% ] [90m[1msavepack[22m | Storing File: res://.godot/imported/crystal-wall.png-5600b47e6d973e9b508afae79b6c0f2b.ctex[39m[0m
[  16% ] [90m[1msavepack[22m | Storing File: res://art/crystal-wall.png.import[39m[0m
[  17% ] [90m[1msavepack[22m | Storing File: res://art/crystal-wall.png.provenance.json[39m[0m
[  19% ] [90m[1msavepack[22m | Storing File: res://.godot/imported/goal-gate.png-8036ccca9a7c7ede392ffc3e8ef6a63f.ctex[39m[0m
[  19% ] [90m[1msavepack[22m | Storing File: res://art/goal-gate.png.import[39m[0m
[  21% ] [90m[1msavepack[22m | Storing File: res://art/goal-gate.png.provenance.json[39m[0m
[  23% ] [90m[1msavepack[22m | Storing File: res://.godot/imported/ground-tile.png-095a63dbc7eb0027753fa82ea9e73096.ctex[39m[0m
[  23% ] [90m[1msavepack[22m | Storing File: res://art/ground-tile.png.import[39m[0m
[  25% ] [90m[1msavepack[22m | Storing File: res://art/ground-tile.png.provenance.json[39m[0m
[  27% ] [90m[1msavepack[22m | Storing File: res://.godot/imported/hazard-tile.png-3c0a65ed4916ebba679521f9ee615875.ctex[39m[0m
[  27% ] [90m[1msavepack[22m | Storing File: res://art/hazard-tile.png.import[39m[0m
[  29% ] [90m[1msavepack[22m | Storing File: res://art/hazard-tile.png.provenance.json[39m[0m
[  31% ] [90m[1msavepack[22m | Storing File: res://.godot/exported/133200997/export-f2df328d6979c9647b8e522f383861b0-lane_art.res[39m[0m
[  33% ] [90m[1msavepack[22m | Storing File: res://.godot/imported/orb.png-dbf75c6121dcbf2bd833e4f0bc11e36f.ctex[39m[0m
[  33% ] [90m[1msavepack[22m | Storing File: res://art/orb.png.import[39m[0m
[  33% ] [90m[1msavepack[22m | Storing File: res://art/orb.png.provenance.json[39m[0m
[  35% ] [90m[1msavepack[22m | Storing File: res://art/painted_art.gdc[39m[0m
[  37% ] [90m[1msavepack[22m | Storing File: res://.godot/imported/platform-tile.png-17740e15ddbcce770b5f1af7b4054b1f.ctex[39m[0m
[  37% ] [90m[1msavepack[22m | Storing File: res://art/platform-tile.png.import[39m[0m
[  39% ] [90m[1msavepack[22m | Storing File: res://art/platform-tile.png.provenance.json[39m[0m
[  41% ] [90m[1msavepack[22m | Storing File: res://art/reveal.gdshader[39m[0m
[  43% ] [90m[1msavepack[22m | Storing File: res://art/rig_character_2d.gdc[39m[0m
[  45% ] [90m[1msavepack[22m | Storing File: res://art/saturation.gdshader[39m[0m
[  47% ] [90m[1msavepack[22m | Storing File: res://.godot/imported/wall-tile.png-89125d601bf221abe89e4c0c6332faea.ctex[39m[0m
[  47% ] [90m[1msavepack[22m | Storing File: res://art/wall-tile.png.import[39m[0m
[  49% ] [90m[1msavepack[22m | Storing File: res://art/wall-tile.png.provenance.json[39m[0m
[  50% ] [90m[1msavepack[22m | Storing File: res://bakeoff/actions.gdc[39m[0m
[  52% ] [90m[1msavepack[22m | Storing File: res://bakeoff/game_2d.gdc[39m[0m
[  54% ] [90m[1msavepack[22m | Storing File: res://bakeoff/greybox.gdc[39m[0m
[  56% ] [90m[1msavepack[22m | Storing File: res://bakeoff/greybox_art.gdc[39m[0m
[  58% ] [90m[1msavepack[22m | Storing File: res://bakeoff/greybox_builder_2d.gdc[39m[0m
[  60% ] [90m[1msavepack[22m | Storing File: res://bakeoff/player_2d.gdc[39m[0m
[  62% ] [90m[1msavepack[22m | Storing File: res://bakeoff/replay.gdc[39m[0m
[  64% ] [90m[1msavepack[22m | Storing File: res://bakeoff/resonance.gdc[39m[0m
[  66% ] [90m[1msavepack[22m | Storing File: res://bakeoff/resonance_tag.gdc[39m[0m
[  66% ] [90m[1msavepack[22m | Storing File: res://bakeoff/rig.gdc[39m[0m
[  68% ] [90m[1msavepack[22m | Storing File: res://bakeoff/rig_animator.gdc[39m[0m
[  70% ] [90m[1msavepack[22m | Storing File: res://bakeoff/tag_validator.gdc[39m[0m
[  72% ] [90m[1msavepack[22m | Storing File: res://bin/spine_godot_extension.gdextension[39m[0m
[  74% ] [90m[1msavepack[22m | Storing File: res://levels/level01.greybox.json[39m[0m
[  76% ] [90m[1msavepack[22m | Storing File: res://replays/level01.replay.json[39m[0m
[  78% ] [90m[1msavepack[22m | Storing File: res://.godot/exported/133200997/export-3ad5c15c4f3250da0cc7c1af1770d85f-main.scn[39m[0m
[  80% ] [90m[1msavepack[22m | Storing File: res://tests/rig/placeholder.reference.json[39m[0m
[  82% ] [90m[1msavepack[22m | Storing File: res://tests/rig/placeholder.rig.json[39m[0m
[  83% ] [90m[1msavepack[22m | Storing File: res://tests/rig/placeholder.rig.meta.json[39m[0m
[  85% ] [90m[1msavepack[22m | Storing File: res://tests/rig/placeholder.violet-rig.json[39m[0m
[  87% ] [90m[1msavepack[22m | Storing File: res://tests/replay_runner.gdc[39m[0m
[  89% ] [90m[1msavepack[22m | Storing File: res://.godot/exported/133200997/export-5315e0713353a1d6b79e36c5b097cfeb-replay_runner.scn[39m[0m
[  91% ] [90m[1msavepack[22m | Storing File: res://tests/rig_test.gdc[39m[0m
[  93% ] [90m[1msavepack[22m | Storing File: res://.godot/exported/133200997/export-523ab9721da78d6c52b133b48ecadfa5-rig_test.scn[39m[0m
[  95% ] [90m[1msavepack[22m | Storing File: res://tests/validate_tags.gdc[39m[0m
[  97% ] [90m[1msavepack[22m | Storing File: res://.godot/exported/133200997/export-bc84e40973f50e4565c9a256ac676d0d-validate_tags.scn[39m[0m
[  97% ] [90m[1msavepack[22m | Storing File: res://art/lane_art.tres.remap[39m[0m
[  97% ] [90m[1msavepack[22m | Storing File: res://art/painted_art.gd.remap[39m[0m
[  97% ] [90m[1msavepack[22m | Storing File: res://art/rig_character_2d.gd.remap[39m[0m
[  97% ] [90m[1msavepack[22m | Storing File: res://bakeoff/actions.gd.remap[39m[0m
[  97% ] [90m[1msavepack[22m | Storing File: res://bakeoff/game_2d.gd.remap[39m[0m
[  97% ] [90m[1msavepack[22m | Storing File: res://bakeoff/greybox.gd.remap[39m[0m
[  97% ] [90m[1msavepack[22m | Storing File: res://bakeoff/greybox_art.gd.remap[39m[0m
[  97% ] [90m[1msavepack[22m | Storing File: res://bakeoff/greybox_builder_2d.gd.remap[39m[0m
[  97% ] [90m[1msavepack[22m | Storing File: res://bakeoff/player_2d.gd.remap[39m[0m
[  97% ] [90m[1msavepack[22m | Storing File: res://bakeoff/replay.gd.remap[39m[0m
[  97% ] [90m[1msavepack[22m | Storing File: res://bakeoff/resonance.gd.remap[39m[0m
[  97% ] [90m[1msavepack[22m | Storing File: res://bakeoff/resonance_tag.gd.remap[39m[0m
[  97% ] [90m[1msavepack[22m | Storing File: res://bakeoff/rig.gd.remap[39m[0m
[  97% ] [90m[1msavepack[22m | Storing File: res://bakeoff/rig_animator.gd.remap[39m[0m
[  97% ] [90m[1msavepack[22m | Storing File: res://bakeoff/tag_validator.gd.remap[39m[0m
[  97% ] [90m[1msavepack[22m | Storing File: res://scenes/main.tscn.remap[39m[0m
[  97% ] [90m[1msavepack[22m | Storing File: res://tests/replay_runner.gd.remap[39m[0m
[  97% ] [90m[1msavepack[22m | Storing File: res://tests/replay_runner.tscn.remap[39m[0m
[  97% ] [90m[1msavepack[22m | Storing File: res://tests/rig_test.gd.remap[39m[0m
[  97% ] [90m[1msavepack[22m | Storing File: res://tests/rig_test.tscn.remap[39m[0m
[  97% ] [90m[1msavepack[22m | Storing File: res://tests/validate_tags.gd.remap[39m[0m
[  97% ] [90m[1msavepack[22m | Storing File: res://tests/validate_tags.tscn.remap[39m[0m
[  97% ] [90m[1msavepack[22m | Storing File: res://.godot/global_script_class_cache.cfg[39m[0m
[  97% ] [90m[1msavepack[22m | Storing File: res://.godot/extension_list.cfg[39m[0m
[  97% ] [90m[1msavepack[22m | Storing File: res://.godot/uid_cache.bin[39m[0m
[  97% ] [90m[1msavepack[22m | Storing File: res://project.binary[39m[0m
[92m[ DONE ][39m [1msavepack[22m
[0m
